// Vitest Snapshot v1, https://vitest.dev/guide/snapshot.html

exports[`should fail on invalid time pattern 1`] = `
[MockFunction spy] {
  "calls": [
    [
      {
        "content": "\`‚ùå Invalid input format. Examples: \`2ep\`, \`1h3m\`. See \`/help log\` for more info.\`",
        "ephemeral": true,
      },
    ],
  ],
  "results": [
    {
      "type": "return",
      "value": undefined,
    },
  ],
}
`;

exports[`should send embed after saving log 1`] = `
[MockFunction spy] {
  "calls": [
    [
      {
        "embeds": [
          {
            "color": 16252927,
            "description": "1 point/min ‚Üí +2 points",
            "fields": [
              {
                "inline": true,
                "name": "üìñ Title",
                "value": "Test Title",
              },
              {
                "inline": true,
                "name": "üìù Notes",
                "value": "Some notes here",
              },
            ],
            "footer": {
              "icon_url": "http://example.com/image.jpg",
              "text": "Keep up the great immersion!",
            },
            "thumbnail": {
              "url": "http://example.com/image.jpg",
            },
            "timestamp": "TIMESTAMP",
            "title": "üéâ test logged 2 minutes of Watchtime!",
          },
        ],
      },
    ],
  ],
  "results": [
    {
      "type": "return",
      "value": undefined,
    },
  ],
}
`;
